app/api/auth/login/route.ts(13,36): error TS2339: Property 'errors' does not exist on type 'ZodError<{ email: string; password: string; }>'.
app/api/auth/me/route.ts(26,53): error TS2339: Property 'errors' does not exist on type 'ZodError<{ name: string; currency: string; }>'.
app/api/auth/register/route.ts(13,36): error TS2339: Property 'errors' does not exist on type 'ZodError<{ name: string; email: string; password: string; confirmPassword: string; }>'.
app/api/budgets/route.ts(29,53): error TS2339: Property 'errors' does not exist on type 'ZodError<{ amount: number; month: number; year: number; categoryId?: string | undefined; }>'.
app/api/budgets/route.ts(53,9): error TS2322: Type 'string | null' is not assignable to type 'string'.
  Type 'null' is not assignable to type 'string'.
app/api/categories/[id]/route.ts(17,53): error TS2339: Property 'errors' does not exist on type 'ZodError<{ name: string; icon: string; color: string; type: "INCOME" | "EXPENSE" | "BOTH"; }>'.
app/api/categories/route.ts(25,53): error TS2339: Property 'errors' does not exist on type 'ZodError<{ name: string; icon: string; color: string; type: "INCOME" | "EXPENSE" | "BOTH"; }>'.
app/api/transactions/[id]/route.ts(30,55): error TS2339: Property 'errors' does not exist on type 'ZodError<{ type: "INCOME" | "EXPENSE"; amount: number; description: string; date: string; paymentMethod: "CASH" | "CARD" | "BANK_TRANSFER" | "MOBILE_PAYMENT" | "CRYPTO" | "OTHER"; currency: string; ... 4 more ...; recurringFreq?: "DAILY" | ... 3 more ... | undefined; }>'.
app/api/transactions/route.ts(72,36): error TS2339: Property 'errors' does not exist on type 'ZodError<{ type: "INCOME" | "EXPENSE"; amount: number; description: string; date: string; paymentMethod: "CASH" | "CARD" | "BANK_TRANSFER" | "MOBILE_PAYMENT" | "CRYPTO" | "OTHER"; currency: string; ... 4 more ...; recurringFreq?: "DAILY" | ... 3 more ... | undefined; }>'.
app/categories/page.tsx(27,5): error TS2322: Type 'Resolver<{ name: string; icon?: string | undefined; color?: string | undefined; type?: "INCOME" | "EXPENSE" | "BOTH" | undefined; }, any, { name: string; icon: string; color: string; type: "INCOME" | "EXPENSE" | "BOTH"; }>' is not assignable to type 'Resolver<{ name: string; icon: string; color: string; type: "INCOME" | "EXPENSE" | "BOTH"; }, any, { name: string; icon: string; color: string; type: "INCOME" | "EXPENSE" | "BOTH"; }>'.
  Types of parameters 'options' and 'options' are incompatible.
    Type 'ResolverOptions<{ name: string; icon: string; color: string; type: "INCOME" | "EXPENSE" | "BOTH"; }>' is not assignable to type 'ResolverOptions<{ name: string; icon?: string | undefined; color?: string | undefined; type?: "INCOME" | "EXPENSE" | "BOTH" | undefined; }>'.
      Type 'string | undefined' is not assignable to type 'string'.
        Type 'undefined' is not assignable to type 'string'.
app/categories/page.tsx(41,34): error TS2345: Argument of type '(data: CategoryInput) => Promise<void>' is not assignable to parameter of type 'SubmitHandler<TFieldValues>'.
  Types of parameters 'data' and 'data' are incompatible.
    Type 'TFieldValues' is not assignable to type '{ name: string; icon: string; color: string; type: "INCOME" | "EXPENSE" | "BOTH"; }'.
      Type 'FieldValues' is missing the following properties from type '{ name: string; icon: string; color: string; type: "INCOME" | "EXPENSE" | "BOTH"; }': name, icon, color, type
components/forms/transaction-form.tsx(36,5): error TS2322: Type 'Resolver<{ type: "INCOME" | "EXPENSE"; amount: number; description: string; date: string; paymentMethod: "CASH" | "CARD" | "BANK_TRANSFER" | "MOBILE_PAYMENT" | "CRYPTO" | "OTHER"; categoryId: string; ... 4 more ...; recurringFreq?: "DAILY" | ... 3 more ... | undefined; }, any, { ...; }>' is not assignable to type 'Resolver<{ type: "INCOME" | "EXPENSE"; amount: number; description: string; date: string; paymentMethod: "CASH" | "CARD" | "BANK_TRANSFER" | "MOBILE_PAYMENT" | "CRYPTO" | "OTHER"; currency: string; ... 4 more ...; recurringFreq?: "DAILY" | ... 3 more ... | undefined; }, any, { ...; }>'.
  Types of parameters 'options' and 'options' are incompatible.
    Type 'ResolverOptions<{ type: "INCOME" | "EXPENSE"; amount: number; description: string; date: string; paymentMethod: "CASH" | "CARD" | "BANK_TRANSFER" | "MOBILE_PAYMENT" | "CRYPTO" | "OTHER"; currency: string; ... 4 more ...; recurringFreq?: "DAILY" | ... 3 more ... | undefined; }>' is not assignable to type 'ResolverOptions<{ type: "INCOME" | "EXPENSE"; amount: number; description: string; date: string; paymentMethod: "CASH" | "CARD" | "BANK_TRANSFER" | "MOBILE_PAYMENT" | "CRYPTO" | "OTHER"; categoryId: string; ... 4 more ...; recurringFreq?: "DAILY" | ... 3 more ... | undefined; }>'.
      Type 'string | undefined' is not assignable to type 'string'.
        Type 'undefined' is not assignable to type 'string'.
components/forms/transaction-form.tsx(110,38): error TS2345: Argument of type '(data: TransactionInput) => Promise<void>' is not assignable to parameter of type 'SubmitHandler<TFieldValues>'.
  Types of parameters 'data' and 'data' are incompatible.
    Type 'TFieldValues' is not assignable to type '{ type: "INCOME" | "EXPENSE"; amount: number; description: string; date: string; paymentMethod: "CASH" | "CARD" | "BANK_TRANSFER" | "MOBILE_PAYMENT" | "CRYPTO" | "OTHER"; currency: string; ... 4 more ...; recurringFreq?: "DAILY" | ... 3 more ... | undefined; }'.
      Type 'FieldValues' is missing the following properties from type '{ type: "INCOME" | "EXPENSE"; amount: number; description: string; date: string; paymentMethod: "CASH" | "CARD" | "BANK_TRANSFER" | "MOBILE_PAYMENT" | "CRYPTO" | "OTHER"; currency: string; ... 4 more ...; recurringFreq?: "DAILY" | ... 3 more ... | undefined; }': type, amount, description, date, and 5 more.
components/layout/theme-provider.tsx(5,41): error TS2307: Cannot find module 'next-themes/dist/types' or its corresponding type declarations.
